// Vitest Snapshot v1, https://vitest.dev/guide/snapshot.html

exports[`SPEC-39 the parts list > keeps the G4 parts list as it is now 1`] = `
[
  {
    "height": 86,
    "key": "738c73a7-adda-40e0-bca9-a881403c1ffa:left",
    "kind": "end_panel",
    "molding": null,
    "pieceId": "738c73a7-adda-40e0-bca9-a881403c1ffa:left",
    "runId": "738c73a7-adda-40e0-bca9-a881403c1ffa",
    "side": "front",
    "source": "piece",
    "wallId": "4ccc3115-c472-46c3-a85d-e6ef528b0533",
    "width": 0.75,
    "x": 13,
    "z": 4,
  },
  {
    "height": 86,
    "key": "36718dec-9ae3-48e7-bce7-f3d95d207a1c",
    "kind": "cabinet",
    "molding": null,
    "pieceId": "36718dec-9ae3-48e7-bce7-f3d95d207a1c",
    "runId": "738c73a7-adda-40e0-bca9-a881403c1ffa",
    "side": "front",
    "source": "piece",
    "wallId": "4ccc3115-c472-46c3-a85d-e6ef528b0533",
    "width": 35,
    "x": 13.75,
    "z": 4,
  },
  {
    "height": 86,
    "key": "tee:36718dec-9ae3-48e7-bce7-f3d95d207a1c|0e8d791b-a3a5-4fe6-8b08-a1b8e954b8ba",
    "kind": "filler",
    "molding": null,
    "pieceId": "tee:36718dec-9ae3-48e7-bce7-f3d95d207a1c|0e8d791b-a3a5-4fe6-8b08-a1b8e954b8ba",
    "runId": "738c73a7-adda-40e0-bca9-a881403c1ffa",
    "side": "front",
    "source": "tee",
    "wallId": "4ccc3115-c472-46c3-a85d-e6ef528b0533",
    "width": 1.5,
    "x": 48,
    "z": 4,
  },
  {
    "height": 60,
    "key": "0e8d791b-a3a5-4fe6-8b08-a1b8e954b8ba",
    "kind": "cabinet",
    "molding": null,
    "pieceId": "0e8d791b-a3a5-4fe6-8b08-a1b8e954b8ba",
    "runId": "738c73a7-adda-40e0-bca9-a881403c1ffa",
    "side": "front",
    "source": "piece",
    "wallId": "4ccc3115-c472-46c3-a85d-e6ef528b0533",
    "width": 35,
    "x": 48.75,
    "z": 4,
  },
  {
    "height": 1.5,
    "key": "tee:h:87b307e7-2f67-48a7-a80e-a52d4249d55b|0e8d791b-a3a5-4fe6-8b08-a1b8e954b8ba",
    "kind": "filler",
    "molding": null,
    "pieceId": "tee:h:87b307e7-2f67-48a7-a80e-a52d4249d55b|0e8d791b-a3a5-4fe6-8b08-a1b8e954b8ba",
    "runId": "738c73a7-adda-40e0-bca9-a881403c1ffa",
    "side": "front",
    "source": "tee",
    "wallId": "4ccc3115-c472-46c3-a85d-e6ef528b0533",
    "width": 1.5,
    "x": 49.5,
    "z": 63.25,
  },
  {
    "height": 26,
    "key": "87b307e7-2f67-48a7-a80e-a52d4249d55b",
    "kind": "cabinet",
    "molding": null,
    "pieceId": "87b307e7-2f67-48a7-a80e-a52d4249d55b",
    "runId": "738c73a7-adda-40e0-bca9-a881403c1ffa",
    "side": "front",
    "source": "piece",
    "wallId": "4ccc3115-c472-46c3-a85d-e6ef528b0533",
    "width": 35,
    "x": 48.75,
    "z": 64,
  },
  {
    "height": 86,
    "key": "tee:0e8d791b-a3a5-4fe6-8b08-a1b8e954b8ba|6ae1c6d6-ec28-40d7-aee3-f3b0898ed2fb",
    "kind": "filler",
    "molding": null,
    "pieceId": "tee:0e8d791b-a3a5-4fe6-8b08-a1b8e954b8ba|6ae1c6d6-ec28-40d7-aee3-f3b0898ed2fb",
    "runId": "738c73a7-adda-40e0-bca9-a881403c1ffa",
    "side": "front",
    "source": "tee",
    "wallId": "4ccc3115-c472-46c3-a85d-e6ef528b0533",
    "width": 1.5,
    "x": 83,
    "z": 4,
  },
  {
    "height": 86,
    "key": "6ae1c6d6-ec28-40d7-aee3-f3b0898ed2fb",
    "kind": "cabinet",
    "molding": null,
    "pieceId": "6ae1c6d6-ec28-40d7-aee3-f3b0898ed2fb",
    "runId": "738c73a7-adda-40e0-bca9-a881403c1ffa",
    "side": "front",
    "source": "piece",
    "wallId": "4ccc3115-c472-46c3-a85d-e6ef528b0533",
    "width": 35,
    "x": 83.75,
    "z": 4,
  },
  {
    "height": 86,
    "key": "738c73a7-adda-40e0-bca9-a881403c1ffa:right",
    "kind": "filler",
    "molding": null,
    "pieceId": "738c73a7-adda-40e0-bca9-a881403c1ffa:right",
    "runId": "738c73a7-adda-40e0-bca9-a881403c1ffa",
    "side": "front",
    "source": "piece",
    "wallId": "4ccc3115-c472-46c3-a85d-e6ef528b0533",
    "width": 2,
    "x": 118.75,
    "z": 4,
  },
  {
    "height": null,
    "key": "molding:toeKick",
    "kind": "molding",
    "molding": "toeKick",
    "pieceId": null,
    "runId": null,
    "side": null,
    "source": "molding",
    "wallId": null,
    "width": null,
    "x": null,
    "z": null,
  },
  {
    "height": null,
    "key": "molding:topMold",
    "kind": "molding",
    "molding": "topMold",
    "pieceId": null,
    "runId": null,
    "side": null,
    "source": "molding",
    "wallId": null,
    "width": null,
    "x": null,
    "z": null,
  },
  {
    "height": null,
    "key": "molding:crown",
    "kind": "molding",
    "molding": "crown",
    "pieceId": null,
    "runId": null,
    "side": null,
    "source": "molding",
    "wallId": null,
    "width": null,
    "x": null,
    "z": null,
  },
]
`;
